Criterion 1 + 2: the three Navigator-based members are gone
Run on merged main, commit 134038d

$ grep -n 'MaterialPageRoute' lib/shared/extensions/context_extensions.dart
exit=1  <- 1 means no match, which is what criterion 2 requires

$ grep -nE 'navigateTo|navigateToReplacement|void pop<' lib/shared/extensions/context_extensions.dart
exit=1  <- 1 means no match

$ grep -n 'Navigator' lib/shared/extensions/context_extensions.dart
exit=1  <- 1 means no match

== Every member ContextExtensions still declares ==
22:  ThemeData get theme => Theme.of(this);
25:  TextTheme get textTheme => Theme.of(this).textTheme;
28:  ColorScheme get colorScheme => Theme.of(this).colorScheme;
31:  MediaQueryData get mediaQuery => MediaQuery.of(this);
34:  Size get screenSize => mediaQuery.size;
37:  double get screenWidth => screenSize.width;
40:  double get screenHeight => screenSize.height;
43:  bool get isMobile => screenWidth < 600;
46:  bool get isTablet => screenWidth >= 600 && screenWidth < 1024;
49:  bool get isDesktop => screenWidth >= 1024;
52:  void showSnackBar(String message, {Duration? duration}) {
62:  void showErrorSnackBar(String message, {Duration? duration}) {
73:  void showSuccessSnackBar(String message, {Duration? duration}) {
