$ sed -n "1,22p" lib/features/feature_flags/data/datasources/feature_flags_remote_datasource.dart
/// Remote data source for feature flags.
///
/// **No remote implementation ships with this starter.** The provider binds
/// [NoOpFeatureFlagsRemoteDataSource], so flags resolve from the local source
/// alone and the app takes on no flag vendor by default.
///
/// To add one, implement this contract and override
/// `featureFlagsRemoteDataSourceProvider`, generated from the
/// `@riverpod featureFlagsRemoteDataSource` function in
/// `feature_flags_providers.dart` under this feature's
/// `presentation/providers/`. Firebase Remote Config, LaunchDarkly, Unleash
/// or a JSON endpoint of your own all sit behind it equally well: no method
/// below mentions a vendor, and that is the point of the five of them being
/// this plain.
///
/// This comment used to send the reader to a template file in this directory.
/// None was ever committed - not here, and not anywhere in the history
/// (koniz-dev/flutter-starter#207). Writing one now would ship vendor code
/// that `flutter analyze` never reads, to save implementing a contract that
/// is legible from its own signature.
abstract class FeatureFlagsRemoteDataSource {
  /// Initialize the remote config

$ grep -rn "featureFlagsRemoteDataSourceProvider" lib
lib/features/feature_flags/data/datasources/feature_flags_remote_datasource.dart:8:/// `featureFlagsRemoteDataSourceProvider`, generated from the
lib/features/feature_flags/presentation/providers/feature_flags_providers.g.dart:62:const featureFlagsRemoteDataSourceProvider =
lib/features/feature_flags/presentation/providers/feature_flags_providers.g.dart:78:        name: r'featureFlagsRemoteDataSourceProvider',
lib/features/feature_flags/presentation/providers/feature_flags_providers.dart:29:  final remoteDataSource = ref.watch(featureFlagsRemoteDataSourceProvider);

$ grep -rn "class FeatureFlagsRemoteDataSource\|NoOpFeatureFlagsRemoteDataSource" lib
lib/features/feature_flags/data/datasources/feature_flags_remote_datasource.dart:21:abstract class FeatureFlagsRemoteDataSource {
lib/features/feature_flags/data/datasources/feature_flags_remote_datasource.dart:39:final class NoOpFeatureFlagsRemoteDataSource
