# Criterion 5 - ADR 0005 does not assert ITasksController is implemented

## Every line of docs/architecture/adr/0005-state-boundary.md mentioning ITasksController

12:- `ITasksController`
24:| `ITasksController` | **Nothing.** `TasksNotifier` (`lib/features/tasks/presentation/providers/tasks_provider.dart:55`) does not implement it. | Nothing. |
27:carried out for either contract, and `ITasksController` has no adapter at all.

## The Implementation status section added by this change, verbatim

## Implementation status

This ADR is still **Proposed**, and the decision above describes an intended
direction, not the shipped tree. As of `48ba708`:

| Contract | Implemented by | Consumed by |
| --- | --- | --- |
| `IAuthController` | `AuthNotifier` (`lib/features/auth/presentation/providers/auth_provider.dart:47`), bound to `authControllerProvider` (`:284`) | Nothing. That provider has zero readers in `lib/` and `test/`; the UI reads the generated `authProvider` directly. |
| `ITasksController` | **Nothing.** `TasksNotifier` (`lib/features/tasks/presentation/providers/tasks_provider.dart:55`) does not implement it. | Nothing. |

So the "UI depends on controller contracts" half of this decision has not been
carried out for either contract, and `ITasksController` has no adapter at all.
Whether to wire them up or delete them is an open question - see
koniz-dev/flutter-starter#64 and koniz-dev/flutter-starter#183. Do not read this
ADR as a description of how the sample features are wired today; the current
wiring is in [contracts-map.md](../contracts-map.md).

## Consequences
