│ 💡 Navigation: Route Pushed | Context: {"routeName":"login","routePath":"login"}
└───────────────────────────────────────────────────────────────────────────────────────────────────────────────────────
01:27 +2227 ~1: /Users/nguyenanhkiet/Playground/flutter-starter/test/main_test.dart: MyApp should configure text direction from provider
┌───────────────────────────────────────────────────────────────────────────────────────────────────────────────────────
│ #0   LoggingService.info (package:flutter_starter/core/logging/logging_service.dart:123:13)
│ #1   NavigationLoggingObserver._logNavigation (package:flutter_starter/core/routing/navigation_logging.dart:73:21)
├┄┄┄┄┄┄┄┄┄┄┄┄┄┄┄┄┄┄┄┄┄┄┄┄┄┄┄┄┄┄┄┄┄┄┄┄┄┄┄┄┄┄┄┄┄┄┄┄┄┄┄┄┄┄┄┄┄┄┄┄┄┄┄┄┄┄┄┄┄┄┄┄┄┄┄┄┄┄┄┄┄┄┄┄┄┄┄┄┄┄┄┄┄┄┄┄┄┄┄┄┄┄┄┄┄┄┄┄┄┄┄┄┄┄┄┄┄┄┄
│ 💡 Navigation: Route Pushed | Context: {"routeName":"login","routePath":"login"}
└───────────────────────────────────────────────────────────────────────────────────────────────────────────────────────
01:27 +2228 ~1: /Users/nguyenanhkiet/Playground/flutter-starter/test/main_test.dart: MyApp should wrap content in RepaintBoundary
┌───────────────────────────────────────────────────────────────────────────────────────────────────────────────────────
│ #0   LoggingService.info (package:flutter_starter/core/logging/logging_service.dart:123:13)
│ #1   NavigationLoggingObserver._logNavigation (package:flutter_starter/core/routing/navigation_logging.dart:73:21)
├┄┄┄┄┄┄┄┄┄┄┄┄┄┄┄┄┄┄┄┄┄┄┄┄┄┄┄┄┄┄┄┄┄┄┄┄┄┄┄┄┄┄┄┄┄┄┄┄┄┄┄┄┄┄┄┄┄┄┄┄┄┄┄┄┄┄┄┄┄┄┄┄┄┄┄┄┄┄┄┄┄┄┄┄┄┄┄┄┄┄┄┄┄┄┄┄┄┄┄┄┄┄┄┄┄┄┄┄┄┄┄┄┄┄┄┄┄┄┄
│ 💡 Navigation: Route Pushed | Context: {"routeName":"login","routePath":"login"}
└───────────────────────────────────────────────────────────────────────────────────────────────────────────────────────
01:27 +2229 ~1: /Users/nguyenanhkiet/Playground/flutter-starter/test/main_test.dart: HomeScreen should create HomeScreen widget
01:27 +2230 ~1: /Users/nguyenanhkiet/Playground/flutter-starter/test/main_test.dart: HomeScreen should display welcome message
01:27 +2231 ~1: /Users/nguyenanhkiet/Playground/flutter-starter/test/main_test.dart: HomeScreen should have app bar with title
01:27 +2232 ~1: All tests passed!
exit: 0
