Criterion 2b - throwaway branch chore/153-signer-probe: build an UNSIGNED release APK (-PallowUnsignedRelease=true), then run the guard step unchanged. The guard FAILS - no readable certificate.

=== gh run view 36142784856 ===


X chore/153-signer-probe Build (Manual) · 36142784856
Triggered via workflow_dispatch about 19 minutes ago

JOBS
X Build Android in 6m2s (ID 108096421737)
  ✓ Set up job
  ✓ Checkout code
  ✓ Setup Flutter
  ✓ Setup Java
  ✓ Install dependencies
  ✓ Build the probe APK
  X Print APK signer certificate
  ✓ Post Setup Java
  ✓ Post Setup Flutter
  ✓ Post Checkout code
  ✓ Complete job
- Build iOS (no codesign) in 0s (ID 108096423439)
- Build Web in 0s (ID 108096423565)

ANNOTATIONS
! Node.js 20 is deprecated. The following actions target Node.js 20 but are being forced to run on Node.js 24: actions/checkout@v4, actions/setup-java@v4. For more information see: https://github.blog/changelog/2025-09-19-deprecation-of-node-20-on-github-actions-runners/
Build Android: .github#4

X Process completed with exit code 1.
Build Android: .github#17

X apksigner could not verify build/app/outputs/flutter-apk/app-release.apk (exit 1): no readable certificate.
Build Android: .github#16

! setup-java v4 is deprecated and will no longer receive updates. Please migrate to actions/setup-java@v5.
Build Android: .github#17

- "The ubuntu-latest label will migrate to Ubuntu 26 beginning October 19, 2026. For more information, see https://github.com/actions/runner-images/issues/14748"
Build Android: .github#1


To see what failed, try: gh run view 36142784856 --log-failed
View this run on GitHub: https://github.com/koniz-dev/flutter-starter/actions/runs/36142784856

=== step: Build the probe APK ===

##[group]Run set -euo pipefail
set -euo pipefail
case "staging" in
  development)
    echo "PROBE: debug-signed APK (expect the guard to FAIL on CN=Android Debug)"
    flutter build apk --debug \
      --dart-define=ENVIRONMENT=development \
      --dart-define=BASE_URL=http://localhost:3000
    ;;
  staging)
    echo "PROBE: unsigned APK (expect the guard to FAIL: no readable certificate)"
    flutter build apk --release -PallowUnsignedRelease=true \
      --dart-define=ENVIRONMENT=staging \
      --dart-define=BASE_URL=http://localhost:3000
    ;;
  *)
    echo "::error::probe branch supports environment=development or staging only"
    exit 1
    ;;
esac
ls -l build/app/outputs/flutter-apk/
shell: /usr/bin/bash --noprofile --norc -e -o pipefail {0}
env:
  FLUTTER_ROOT: /opt/hostedtoolcache/flutter/stable-3.47.5-x64/flutter
  PUB_CACHE: /home/runner/.pub-cache
  JAVA_HOME: /opt/hostedtoolcache/Java_Temurin-Hotspot_jdk/17.0.20-1/x64
  JAVA_HOME_17_X64: /opt/hostedtoolcache/Java_Temurin-Hotspot_jdk/17.0.20-1/x64
##[endgroup]
PROBE: unsigned APK (expect the guard to FAIL: no readable certificate)
Upgrading gradle.properties
Upgrading gradle.properties
Running Gradle task 'assembleRelease'...
Warning: Flutter support for your project's Gradle version (8.14.0) will soon be dropped. Please upgrade your Gradle version to a version of at least 9.1.0 soon.
Alternatively, use the flag "--android-skip-build-dependency-validation" to bypass this check.

Potential fix: Your project's gradle version is typically defined in the gradle wrapper file. By default, this can be found at /home/runner/work/flutter-starter/flutter-starter/android/gradle/wrapper/gradle-wrapper.properties.
For more information, see https://docs.gradle.org/current/userguide/gradle_wrapper.html.

Warning: Flutter support for your project's Android Gradle Plugin version (Android Gradle Plugin version 8.11.1) will soon be dropped. Please upgrade your Android Gradle Plugin version to a version of at least Android Gradle Plugin version 9.0.1 soon.
Alternatively, use the flag "--android-skip-build-dependency-validation" to bypass this check.

Potential fix: Your project's AGP version is typically defined in the plugins block of the `settings.gradle` file (/home/runner/work/flutter-starter/flutter-starter/android/settings.gradle), by a plugin with the id of com.android.application.
If you don't see a plugins block, your project was likely created with an older template version. In this case it is most likely defined in the top-level build.gradle file (/home/runner/work/flutter-starter/flutter-starter/android/build.gradle) by the following line in the dependencies block of the buildscript: "classpath 'com.android.tools.build:gradle:<version>'".

Warning: Flutter support for your project's Kotlin version (2.2.20) will soon be dropped. Please upgrade your Kotlin version to a version of at least 2.3.20 soon.
Alternatively, use the flag "--android-skip-build-dependency-validation" to bypass this check.

Potential fix: Your project's KGP version is typically defined in the plugins block of the `settings.gradle` file (/home/runner/work/flutter-starter/flutter-starter/android/settings.gradle), by a plugin with the id of org.jetbrains.kotlin.android.
If you don't see a plugins block, your project was likely created with an older template version, in which case it is most likely defined in the top-level build.gradle file (/home/runner/work/flutter-starter/flutter-starter/android/build.gradle) by the ext.kotlin_version property.

Font asset "CupertinoIcons.ttf" was tree-shaken, reducing it from 257628 to 848 bytes (99.7% reduction). Tree-shaking can be disabled by providing the --no-tree-shake-icons flag when building your app.
Font asset "MaterialIcons-Regular.otf" was tree-shaken, reducing it from 1645184 to 3260 bytes (99.8% reduction). Tree-shaking can be disabled by providing the --no-tree-shake-icons flag when building your app.
Caught exception: Already watching path: /home/runner/work/flutter-starter/flutter-starter/android
Running Gradle task 'assembleRelease'...                          326.8s
✓ Built build/app/outputs/flutter-apk/app-release.apk (73.2MB)
total 71448
-rw-r--r-- 1 runner runner 73155688 Sep 25 13:49 app-release.apk
-rw-r--r-- 1 runner runner       40 Sep 25 13:49 app-release.apk.sha1

=== step: Print APK signer certificate ===

##[group]Run set -euo pipefail
set -euo pipefail
APK=$(ls build/app/outputs/flutter-apk/*.apk | head -1)
./scripts/ci/verify_apk_signer.sh "$APK"
shell: /usr/bin/bash --noprofile --norc -e -o pipefail {0}
env:
  FLUTTER_ROOT: /opt/hostedtoolcache/flutter/stable-3.47.5-x64/flutter
  PUB_CACHE: /home/runner/.pub-cache
  JAVA_HOME: /opt/hostedtoolcache/Java_Temurin-Hotspot_jdk/17.0.20-1/x64
  JAVA_HOME_17_X64: /opt/hostedtoolcache/Java_Temurin-Hotspot_jdk/17.0.20-1/x64
##[endgroup]
APK: build/app/outputs/flutter-apk/app-release.apk
Using: /usr/local/lib/android/sdk/build-tools/37.0.0/apksigner
DOES NOT VERIFY
ERROR: Missing META-INF/MANIFEST.MF
##[error]apksigner could not verify build/app/outputs/flutter-apk/app-release.apk (exit 1): no readable certificate.
##[error]Process completed with exit code 1.
