Trimmed from the full 1.0 MB run (scrollback is not evidence; the numbers are).
Command: ./scripts/dev/audit_template.sh   in /Users/nguyenanhkiet/Playground/flutter-starter at 8b80f2d
Exit code: 0

===== head =====
==> env asset guard
Running build hooks...Running build hooks...OK: no unacknowledged secrets file in the Flutter asset list, and none inside a declared asset directory.
==> format (lib test integration_test tool examples)
Formatted 367 files (0 changed) in 1.27 seconds.
==> flutter analyze
Resolving dependencies...
Downloading packages...
  _fe_analyzer_shared 91.0.0 (108.0.0 available)
  analyzer 8.4.0 (14.4.0 available)
  analyzer_buffer 0.1.11 (0.3.4 available)
  analyzer_plugin 0.13.10 (0.14.17 available)
  archive 4.0.9 (4.3.0 available)
  async 2.13.0 (2.13.1 available)
  build 4.0.5 (4.0.11 available)
  build_config 1.3.0 (1.3.3 available)
  build_daemon 4.1.1 (4.1.6 available)
  build_runner 2.13.1 (2.16.1 available)
  built_value 8.12.4 (8.13.0 available)
> characters 1.4.1 (was 1.4.0)
  cli_util 0.4.2 (0.6.0 available)
  clock 1.1.2 (1.1.3 available)
  code_assets 1.0.0 (2.1.0 available)
  code_builder 4.11.1 (4.12.0 available)
  coverage 1.15.0 (1.15.1 available)
  cupertino_icons 1.0.8 (1.0.9 available)
  custom_lint_core 0.8.1 (0.8.2 available)
  custom_lint_visitor 1.0.0+8.4.0 (1.0.0+9.0.0 available)
  dart_style 3.1.3 (3.1.13 available)
  dio 5.9.2 (5.11.1 available)
  dio_web_adapter 2.1.2 (2.2.2 available)
  equatable 2.0.8 (3.0.0 available)
  flutter_dotenv 6.0.0 (6.0.1 available)
  flutter_launcher_icons 0.13.1 (0.14.4 available)
  flutter_native_splash 2.4.7 (2.4.8 available)
  flutter_plugin_android_lifecycle 2.0.34 (2.0.35 available)
  flutter_riverpod 3.0.3 (3.4.3 available)
  flutter_secure_storage 10.0.0 (11.2.0 available)
  flutter_secure_storage_darwin 0.2.0 (0.4.3 available)
  flutter_secure_storage_linux 3.0.0 (3.0.3 available)
  flutter_secure_storage_platform_interface 2.0.1 (2.1.1 available)

===== every analyze / format / failure / summary line =====
4:Formatted 367 files (0 changed) in 1.27 seconds.
110:Analyzing flutter-starter...                                    
111:No issues found! (ran in 4.0s)
484:│ ⛔ Migration failed: Migration to v2 applied but the storage version stamp could not be written. Storage is still marked as v1. | Context: {"from_version":1,"to_version":2,"description":"Migrate user preferences: rename keys and update data format"}
487:│ MigrationExecutionException: Migration from v1 to v2 failed
499:│ ⛔ Storage migration failed | Context: {"regular_version":2,"secure_version":null}
1416:00:20 +887 ~1: /Users/nguyenanhkiet/Playground/flutter-starter/test/core/utils/pagination_helper_test.dart: PaginationHelper config plumbing an error is cleared by the next successful page
1425:Preload error: HTTP request failed, statusCode: 400, file:///Users/nguyenanhkiet/Playground/flutter-starter/not-a-url
1428:Preload error: HTTP request failed, statusCode: 400, https://example.invalid/missing.jpg
1429:Preload error: HTTP request failed, statusCode: 400, https://example.invalid/missing.jpg
1434:Preload error: HTTP request failed, statusCode: 400, https://example.com/image1.jpg
1435:Preload error: HTTP request failed, statusCode: 400, https://example.com/image2.jpg
2417:00:39 +1424 ~1: /Users/nguyenanhkiet/Playground/flutter-starter/test/core/performance/performance_attributes_test.dart: PerformanceAttributes should have all error attribute constants
2422:00:39 +1429 ~1: /Users/nguyenanhkiet/Playground/flutter-starter/test/core/performance/performance_attributes_test.dart: PerformanceMetrics should have all success/error metric constants
2531:│ ⛔ Migration failed: Migration to v2 applied but the storage version stamp could not be written. Storage is still marked as v1. | Context: {"from_version":1,"to_version":2,"description":"Migrate user preferences: rename keys and update data format"}
2534:│ MigrationExecutionException: Migration from v1 to v2 failed
2546:│ ⛔ Storage migration failed | Context: {"regular_version":2,"secure_version":null}
2563:│ #0   LoggingService.error (package:flutter_starter/core/logging/logging_service.dart:162:13)
2580:│ ⛔ Storage migration failed | Context: {"regular_version":null,"secure_version":null}
2714:│ ⛔ Migration failed: Migration to v2 applied but the storage version stamp could not be written. Storage is still marked as v1. | Context: {"from_version":1,"to_version":2,"description":"Migrate user preferences: rename keys and update data format"}
2717:│ MigrationExecutionException: Migration from v1 to v2 failed
2729:│ ⛔ Storage migration failed | Context: {"regular_version":2,"secure_version":null}
2770:00:45 +1521 ~1: /Users/nguyenanhkiet/Playground/flutter-starter/test/core/startup/startup_reachability_test.dart: main() renders StartupFailureApp end to end (#101) a failed version stamp boots into the failure screen
2771:00:45 +1522 ~1: /Users/nguyenanhkiet/Playground/flutter-starter/test/core/startup/startup_reachability_test.dart: main() renders StartupFailureApp end to end (#101) a failed version stamp boots into the failure screen
2772:00:45 +1523 ~1: /Users/nguyenanhkiet/Playground/flutter-starter/test/core/startup/startup_reachability_test.dart: main() renders StartupFailureApp end to end (#101) a failed version stamp boots into the failure screen
2802:00:45 +1524 ~1: /Users/nguyenanhkiet/Playground/flutter-starter/test/core/startup/startup_reachability_test.dart: main() renders StartupFailureApp end to end (#101) a failed version stamp boots into the failure screen
2803:00:45 +1525 ~1: /Users/nguyenanhkiet/Playground/flutter-starter/test/core/startup/startup_reachability_test.dart: main() renders StartupFailureApp end to end (#101) a failed version stamp boots into the failure screen
2804:00:45 +1526 ~1: /Users/nguyenanhkiet/Playground/flutter-starter/test/core/startup/startup_reachability_test.dart: main() renders StartupFailureApp end to end (#101) a failed version stamp boots into the failure screen
2827:│ #0   LoggingService.error (package:flutter_starter/core/logging/logging_service.dart:162:13)
2836:│ ⛔ error message
2838:00:45 +1527 ~1: /Users/nguyenanhkiet/Playground/flutter-starter/test/core/startup/startup_reachability_test.dart: main() renders StartupFailureApp end to end (#101) a failed version stamp boots into the failure screen
2839:00:45 +1528 ~1: /Users/nguyenanhkiet/Playground/flutter-starter/test/core/startup/startup_reachability_test.dart: main() renders StartupFailureApp end to end (#101) a failed version stamp boots into the failure screen
3032:00:47 +1570 ~1: /Users/nguyenanhkiet/Playground/flutter-starter/test/core/logging/logging_service_test.dart: LoggingService Warning logging should log warning message with error and stackTrace
3048:00:47 +1572 ~1: /Users/nguyenanhkiet/Playground/flutter-starter/test/core/logging/logging_service_test.dart: LoggingService Error logging should log error message without error
3050:│ #0   LoggingService.error (package:flutter_starter/core/logging/logging_service.dart:162:13)
3056:00:47 +1573 ~1: /Users/nguyenanhkiet/Playground/flutter-starter/test/core/logging/logging_service_test.dart: LoggingService Error logging should log error message with context
3058:│ #0   LoggingService.error (package:flutter_starter/core/logging/logging_service.dart:162:13)
3064:00:47 +1574 ~1: /Users/nguyenanhkiet/Playground/flutter-starter/test/core/logging/logging_service_test.dart: LoggingService Error logging should log error message with error
3068:│ #0   LoggingService.error (package:flutter_starter/core/logging/logging_service.dart:162:13)
3080:00:47 +1575 ~1: /Users/nguyenanhkiet/Playground/flutter-starter/test/core/logging/logging_service_test.dart: LoggingService Error logging should log error message with stackTrace

===== tail =====
│ 💡 Navigation: Route Pushed | Context: {"routeName":"home","routePath":"home"}
└───────────────────────────────────────────────────────────────────────────────────────────────────────────────────────
01:54 +2809 ~8: /Users/nguyenanhkiet/Playground/flutter-starter/test/main_test.dart: HomeScreen should create HomeScreen widget
01:54 +2810 ~8: /Users/nguyenanhkiet/Playground/flutter-starter/test/main_test.dart: HomeScreen should display welcome message
01:54 +2811 ~8: /Users/nguyenanhkiet/Playground/flutter-starter/test/main_test.dart: HomeScreen should have app bar with title
01:54 +2812 ~8: All tests passed!
