HEAD: 764a3acf094 on feature/doc-symbol-directive

================================================================
1. criterion 2 - the clean tree
================================================================
$ dart run tool/check_docs.dart
links: checked 711 relative link(s) in 118 file(s); 0 broken
emoji: scanned 71 file(s); 0 line(s) with emoji
signatures: checked 5 documented constructor(s); 0 mismatched
symbols: checked 10 directive(s); 0 unresolved

OK: documentation checks passed.
exit: 0

$ dart run tool/check_docs.dart --symbols
symbols: checked 10 directive(s); 0 unresolved

OK: documentation checks passed.
exit: 0

================================================================
2. criterion 3 - a directive that does not resolve
================================================================
Three deliberate breakages, appended to docs/architecture/contracts-map.md:

<!-- symbol: lib/core/di/providers.dart tasksControllerProvider -->
<!-- symbol: lib/features/feature_flags/data/datasources/feature_flags_remote_datasource.dart FirebaseFeatureFlagsRemoteDataSource -->
<!-- symbol: lib/core/di/no_such_file.dart apiClientProvider -->

$ dart run tool/check_docs.dart
links: checked 711 relative link(s) in 118 file(s); 0 broken
emoji: scanned 71 file(s); 0 line(s) with emoji
signatures: checked 5 documented constructor(s); 0 mismatched
docs/architecture/contracts-map.md:131: `tasksControllerProvider` is not declared in lib/core/di/providers.dart
docs/architecture/contracts-map.md:132: `FirebaseFeatureFlagsRemoteDataSource` is not declared in lib/features/feature_flags/data/datasources/feature_flags_remote_datasource.dart
docs/architecture/contracts-map.md:133: source file not found -> lib/core/di/no_such_file.dart (directive names `apiClientProvider`)
symbols: checked 13 directive(s); 3 unresolved

3 problem(s) found.
exit: 1

(tree restored clean)

================================================================
3. criterion 4 - the Quality-gate side
================================================================
$ flutter test test/docs/ --reporter expanded   (clean tree)
00:00 +0: test/docs/doc_symbols_test.dart: documented symbols every <!-- symbol: --> directive resolves
00:00 +1: test/docs/doc_signatures_test.dart: documented constructor signatures every <!-- signature: --> block matches its source
00:00 +2: test/docs/doc_signatures_test.dart: documented constructor signatures every <!-- signature: --> block matches its source
00:00 +3: test/docs/doc_signatures_test.dart: documented constructor signatures every <!-- signature: --> block matches its source
00:00 +4: test/docs/doc_signatures_test.dart: documented constructor signatures every <!-- signature: --> block matches its source
00:00 +5: test/docs/doc_signatures_test.dart: documented constructor signatures every <!-- signature: --> block matches its source
00:00 +6: test/docs/doc_signatures_test.dart: documented constructor signatures every <!-- signature: --> block matches its source
00:00 +7: test/docs/doc_signatures_test.dart: documented constructor signatures every <!-- signature: --> block matches its source
00:00 +8: test/docs/doc_signatures_test.dart: documented constructor signatures every <!-- signature: --> block matches its source
00:00 +9: test/docs/doc_signatures_test.dart: documented constructor signatures at least one directive exists to check
00:00 +10: test/docs/doc_signatures_test.dart: documented constructor signatures the documented parameter lists compile as written
00:00 +11: test/docs/doc_signatures_test.dart: doc_signatures parser reads a multi-line named parameter list
00:00 +12: test/docs/doc_signatures_test.dart: doc_signatures parser returns null when the constructor is absent or one-line
00:00 +13: All tests passed!

Now the code side: delete the identifier from lib/ and leave the doc alone.
$ perl -pi -e 's/^final raspServiceProvider/final renamedRaspServiceProvider/' lib/core/security/rasp_providers.dart
7:final renamedRaspServiceProvider = Provider<IRaspService>((ref) {

$ flutter test test/docs/doc_symbols_test.dart --reporter expanded
Shell: docs/architecture/contracts-map.md:86: `raspServiceProvider` is not declared in lib/core/security/rasp_providers.dart
Shell: symbols: checked 10 directive(s); 1 unresolved
  Expected: <0>
    Actual: <1>
00:00 +7 -1: Some tests failed.
  test/docs/doc_symbols_test.dart: documented symbols every <!-- symbol: --> directive resolves
test exit: 1
(the document was not touched - only lib/ changed, which Docs check never sees)
(tree restored clean)

================================================================
4. every strip variant still passes the new gate
================================================================
--- variant: --apply (both samples)
Dropped 1 symbol directive(s) naming a stripped path from docs/architecture/contracts-map.md.
Strip complete. Run: flutter pub get && flutter analyze && flutter test
strip exit: 0
All tests passed!
$ grep -c 'symbol: lib/features/feature_flags' docs/architecture/contracts-map.md
0
(tree restored clean)

--- variant: --remove-tasks
Strip complete. Run: flutter pub get && flutter analyze && flutter test
strip exit: 0
All tests passed!
$ grep -c 'symbol: lib/features/feature_flags' docs/architecture/contracts-map.md
1
(tree restored clean)

--- variant: --remove-feature-flags
Dropped 1 symbol directive(s) naming a stripped path from docs/architecture/contracts-map.md.
Strip complete. Run: flutter pub get && flutter analyze && flutter test
strip exit: 0
All tests passed!
$ grep -c 'symbol: lib/features/feature_flags' docs/architecture/contracts-map.md
0
(tree restored clean)

$ git status --porcelain
