$ flutter test test/shared/theme/theme_contrast_test.dart --reporter expanded

Waiting for another flutter command to release the startup lock...
Resolving dependencies...
Downloading packages...
  _fe_analyzer_shared 91.0.0 (108.0.0 available)
  analyzer 8.4.0 (14.4.0 available)
  analyzer_buffer 0.1.11 (0.3.4 available)
  analyzer_plugin 0.13.10 (0.14.17 available)
  archive 4.0.9 (4.3.0 available)
  async 2.13.0 (2.13.1 available)
  build 4.0.5 (4.0.11 available)
  build_config 1.3.0 (1.3.3 available)
  build_daemon 4.1.1 (4.1.6 available)
  build_runner 2.13.1 (2.16.1 available)
  built_value 8.12.4 (8.13.0 available)
  cli_util 0.4.2 (0.6.0 available)
  clock 1.1.2 (1.1.3 available)
  code_assets 1.0.0 (2.1.0 available)
  code_builder 4.11.1 (4.12.0 available)
  coverage 1.15.0 (1.15.1 available)
  cupertino_icons 1.0.8 (1.0.9 available)
  custom_lint_core 0.8.1 (0.8.2 available)
  custom_lint_visitor 1.0.0+8.4.0 (1.0.0+9.0.0 available)
  dart_style 3.1.3 (3.1.13 available)
  dio 5.9.2 (5.11.1 available)
  dio_web_adapter 2.1.2 (2.2.2 available)
  equatable 2.0.8 (3.0.0 available)
  flutter_dotenv 6.0.0 (6.0.1 available)
  flutter_launcher_icons 0.13.1 (0.14.4 available)
  flutter_native_splash 2.4.7 (2.4.8 available)
  flutter_plugin_android_lifecycle 2.0.34 (2.0.35 available)
  flutter_riverpod 3.0.3 (3.4.3 available)
  flutter_secure_storage 10.0.0 (11.2.0 available)
  flutter_secure_storage_darwin 0.2.0 (0.4.3 available)
  flutter_secure_storage_linux 3.0.0 (3.0.3 available)
  flutter_secure_storage_platform_interface 2.0.1 (2.1.1 available)
  flutter_secure_storage_web 2.1.0 (2.1.1 available)
  flutter_secure_storage_windows 4.1.0 (4.2.2 available)
  freerasp 6.12.0 (8.2.2 available)
  freezed 3.2.3 (4.0.2 available)
  glob 2.1.3 (2.2.0 available)
  go_router 17.1.0 (18.0.1 available)
  hooks 1.0.2 (2.2.0 available)
  html 0.15.6 (0.15.7 available)
  image 4.8.0 (4.10.1 available)
  io 1.0.5 (1.1.0 available)
  json_annotation 4.9.0 (4.12.0 available)
  json_serializable 6.11.2 (6.14.1 available)
  logger 2.7.0 (2.8.0 available)
  mason 0.1.2 (0.1.3 available)
  mason_logger 0.3.5 (0.3.6 available)
  material_color_utilities 0.13.0 (0.13.1 available)
  mime 2.0.0 (2.1.0 available)
  mockito 5.6.4 (5.8.1 available)
  mocktail 1.0.4 (1.0.5 available)
  mustache_template 2.0.4 (2.0.6 available)
  native_toolchain_c 0.17.6 (0.19.5 available)
  objective_c 9.3.0 (9.6.0 available)
  package_config 2.2.0 (3.0.0 available)
  path_provider 2.1.5 (2.1.6 available)
  path_provider_android 2.2.22 (2.3.1 available)
  path_provider_linux 2.2.1 (2.2.2 available)
  path_provider_platform_interface 2.1.2 (2.1.3 available)
  patrol 3.20.0 (4.10.0 available)
  patrol_finders 2.9.0 (3.6.0 available)
  patrol_log 0.5.0 (0.10.1 available)
  platform 3.1.6 (3.2.0 available)
  pool 1.5.2 (1.5.3 available)
  posix 6.5.0 (6.5.2 available)
  process 5.0.5 (5.0.6 available)
  pub_semver 2.2.0 (2.2.1 available)
  pubspec_parse 1.5.0 (1.6.0 available)
  riverpod 3.0.3 (3.4.3 available)
  riverpod_analyzer_utils 1.0.0-dev.7 (1.0.0-dev.12 available)
  riverpod_annotation 3.0.3 (4.0.7 available)
  riverpod_generator 3.0.3 (4.0.9 available)
  shared_preferences 2.5.4 (2.5.5 available)
  shared_preferences_android 2.4.21 (2.4.28 available)
  shared_preferences_foundation 2.5.6 (2.5.7 available)
  shared_preferences_platform_interface 2.4.1 (2.4.2 available)
  source_gen 4.2.2 (4.3.0 available)
  source_helper 1.3.8 (1.3.13 available)
  source_maps 0.10.13 (0.10.14 available)
  stack_trace 1.12.1 (1.12.2 available)
  stream_transform 2.1.1 (2.1.2 available)
  test 1.31.1 (1.32.0 available)
  test_api 0.7.12 (0.7.14 available)
  test_core 0.6.18 (0.6.20 available)
  uuid 4.5.3 (4.6.0 available)
  very_good_analysis 10.1.0 (11.0.0 available)
  vm_service 15.0.2 (15.3.0 available)
  webdriver 3.1.0 (3.2.0 available)
  win32 5.15.0 (6.4.0 available)
  xml 6.6.1 (7.0.1 available)
  yaml 3.1.3 (3.1.4 available)
Got dependencies!
91 packages have newer versions incompatible with dependency constraints.
Try `flutter pub outdated` for more information.
00:00 +0: loading test/shared/theme/theme_contrast_test.dart
00:00 +0: theme contrast light theme onPrimary on primary meets 4.5:1
00:00 +1: theme contrast light theme onSecondary on secondary meets 4.5:1
00:00 +2: theme contrast light theme onSurface on surface meets 4.5:1
00:00 +3: theme contrast light theme onError on error meets 4.5:1
00:00 +4: theme contrast light theme displayLarge on background meets 4.5:1
00:00 +5: theme contrast light theme displayMedium on background meets 4.5:1
00:00 +6: theme contrast light theme bodyLarge on background meets 4.5:1
00:00 +7: theme contrast light theme bodyMedium on background meets 4.5:1
00:00 +8: theme contrast light theme labelLarge on background meets 4.5:1
00:00 +9: theme contrast light theme bodyMedium on surface meets 4.5:1
00:00 +10: theme contrast light theme labelLarge on surface meets 4.5:1
00:00 +11: theme contrast light theme appBar foreground on appBar background meets 4.5:1
00:00 +12: theme contrast light theme ElevatedButton foreground on its background meets 4.5:1
00:00 +13: theme contrast dark theme onPrimary on primary meets 4.5:1
00:00 +14: theme contrast dark theme onSecondary on secondary meets 4.5:1
00:00 +15: theme contrast dark theme onSurface on surface meets 4.5:1
00:00 +16: theme contrast dark theme onError on error meets 4.5:1
00:00 +17: theme contrast dark theme displayLarge on background meets 4.5:1
00:00 +18: theme contrast dark theme displayMedium on background meets 4.5:1
00:00 +19: theme contrast dark theme bodyLarge on background meets 4.5:1
00:00 +20: theme contrast dark theme bodyMedium on background meets 4.5:1
00:00 +21: theme contrast dark theme labelLarge on background meets 4.5:1
00:00 +22: theme contrast dark theme bodyMedium on surface meets 4.5:1
00:00 +23: theme contrast dark theme appBar foreground on appBar background meets 4.5:1
00:00 +24: theme contrast dark theme ElevatedButton foreground on its background meets 4.5:1
00:00 +25: theme contrast status tokens textInverse on the success fill meets 4.5:1
00:00 +26: theme contrast status tokens textPrimary on the warning fill meets 4.5:1
00:00 +27: theme contrast status tokens textInverse on the info fill meets 4.5:1
00:00 +28: theme contrast status tokens success as a foreground on background meets 4.5:1
00:00 +29: theme contrast status tokens success as a foreground on surface meets 4.5:1
00:00 +30: theme contrast status tokens info as a foreground on background meets 4.5:1
00:00 +31: theme contrast non-text tokens primary as a focus ring on the dark surface meets 3.0:1
00:00 +32: theme contrast non-text tokens primary as a focus ring on the dark background meets 3.0:1
00:00 +33: theme contrast non-text tokens success as an icon on the dark surface meets 3.0:1
00:00 +34: theme contrast light labelLarge is not white on the near-white scaffold
00:00 +35: theme contrast secondary and textSecondary are no longer the same colour
00:00 +36: All tests passed!
