[0;34mBuilding for environment: staging[0m
Base URL: https://api-staging.example.com

[1;33mCleaning previous builds...[0m
Resolving dependencies...
Downloading packages...
  _fe_analyzer_shared 91.0.0 (108.0.0 available)
  analyzer 8.4.0 (14.4.0 available)
  analyzer_buffer 0.1.11 (0.3.4 available)
  analyzer_plugin 0.13.10 (0.14.17 available)
  archive 4.0.9 (4.3.0 available)
  async 2.13.0 (2.13.1 available)
  build 4.0.5 (4.0.11 available)
  build_config 1.3.0 (1.3.3 available)
  build_daemon 4.1.1 (4.1.6 available)
  build_runner 2.13.1 (2.16.1 available)
  built_value 8.12.4 (8.13.0 available)
> characters 1.4.1 (was 1.4.0)
  cli_util 0.4.2 (0.6.0 available)
  clock 1.1.2 (1.1.3 available)
  code_assets 1.0.0 (2.1.0 available)
  code_builder 4.11.1 (4.12.0 available)
  coverage 1.15.0 (1.15.1 available)
  cupertino_icons 1.0.8 (1.0.9 available)
  custom_lint_core 0.8.1 (0.8.2 available)
  custom_lint_visitor 1.0.0+8.4.0 (1.0.0+9.0.0 available)
  dart_style 3.1.3 (3.1.13 available)
  dio 5.9.2 (5.11.1 available)
  dio_web_adapter 2.1.2 (2.2.2 available)
  equatable 2.0.8 (3.0.0 available)
  flutter_dotenv 6.0.0 (6.0.1 available)
  flutter_launcher_icons 0.13.1 (0.14.4 available)
  flutter_native_splash 2.4.7 (2.4.8 available)
  flutter_plugin_android_lifecycle 2.0.34 (2.0.35 available)
  flutter_riverpod 3.0.3 (3.4.3 available)
  flutter_secure_storage 10.0.0 (11.2.0 available)
  flutter_secure_storage_darwin 0.2.0 (0.4.3 available)
  flutter_secure_storage_linux 3.0.0 (3.0.3 available)
  flutter_secure_storage_platform_interface 2.0.1 (2.1.1 available)
  flutter_secure_storage_web 2.1.0 (2.1.1 available)
  flutter_secure_storage_windows 4.1.0 (4.2.2 available)
  freerasp 6.12.0 (8.2.2 available)
  freezed 3.2.3 (4.0.2 available)
  glob 2.1.3 (2.2.0 available)
  go_router 17.1.0 (18.0.1 available)
  hooks 1.0.2 (2.2.0 available)
  html 0.15.6 (0.15.7 available)
  image 4.8.0 (4.10.1 available)
> intl 0.20.3 (was 0.20.2)
  io 1.0.5 (1.1.0 available)
  json_annotation 4.9.0 (4.12.0 available)
  json_serializable 6.11.2 (6.14.1 available)
  logger 2.7.0 (2.8.0 available)
  mason 0.1.2 (0.1.3 available)
  mason_logger 0.3.5 (0.3.6 available)
> matcher 0.12.20 (was 0.12.17)
> material_color_utilities 0.13.0 (was 0.11.1) (0.13.1 available)
> meta 1.19.0 (was 1.17.0)
  mime 2.0.0 (2.1.0 available)
  mockito 5.6.4 (5.8.1 available)
  mocktail 1.0.4 (1.0.5 available)
  mustache_template 2.0.4 (2.0.6 available)
  native_toolchain_c 0.17.6 (0.19.5 available)
  objective_c 9.3.0 (9.6.0 available)
  package_config 2.2.0 (3.0.0 available)
  path_provider 2.1.5 (2.1.6 available)
  path_provider_android 2.2.22 (2.3.1 available)
  path_provider_linux 2.2.1 (2.2.2 available)
  path_provider_platform_interface 2.1.2 (2.1.3 available)
  patrol 3.20.0 (4.10.0 available)
  patrol_finders 2.9.0 (3.6.0 available)
  patrol_log 0.5.0 (0.10.1 available)
  platform 3.1.6 (3.2.0 available)
  pool 1.5.2 (1.5.3 available)
  posix 6.5.0 (6.5.2 available)
  process 5.0.5 (5.0.6 available)
  pub_semver 2.2.0 (2.2.1 available)
  pubspec_parse 1.5.0 (1.6.0 available)
  riverpod 3.0.3 (3.4.3 available)
  riverpod_analyzer_utils 1.0.0-dev.7 (1.0.0-dev.12 available)
  riverpod_annotation 3.0.3 (4.0.7 available)
  riverpod_generator 3.0.3 (4.0.9 available)
  shared_preferences 2.5.4 (2.5.5 available)
  shared_preferences_android 2.4.21 (2.4.28 available)
  shared_preferences_foundation 2.5.6 (2.5.7 available)
  shared_preferences_platform_interface 2.4.1 (2.4.2 available)
  source_gen 4.2.2 (4.3.0 available)
  source_helper 1.3.8 (1.3.13 available)
  source_maps 0.10.13 (0.10.14 available)
  stack_trace 1.12.1 (1.12.2 available)
  stream_transform 2.1.1 (2.1.2 available)
> test 1.31.1 (was 1.26.3) (1.32.0 available)
> test_api 0.7.12 (was 0.7.7) (0.7.14 available)
> test_core 0.6.18 (was 0.6.12) (0.6.20 available)
  uuid 4.5.3 (4.6.0 available)
> vector_math 2.4.3 (was 2.2.0)
  very_good_analysis 10.1.0 (11.0.0 available)
  vm_service 15.0.2 (15.3.0 available)
  webdriver 3.1.0 (3.2.0 available)
  win32 5.15.0 (6.4.0 available)
  xml 6.6.1 (7.0.1 available)
  yaml 3.1.3 (3.1.4 available)
These packages are no longer being depended on:
- js 0.7.2
Changed 10 dependencies!
91 packages have newer versions incompatible with dependency constraints.
Try `flutter pub outdated` for more information.
Upgrading analysis_options.yaml to exclude build and platform directories.
[0;32m✓ Cleaned[0m

[1;33mBuilding Android...[0m
Upgrading gradle.properties
Upgrading gradle.properties
Running Gradle task 'assembleRelease'...                        
Warning: Flutter support for your project's Gradle version (8.14.0) will soon be dropped. Please upgrade your Gradle version to a version of at least 9.1.0 soon.
Alternatively, use the flag "--android-skip-build-dependency-validation" to bypass this check.

Potential fix: Your project's gradle version is typically defined in the gradle wrapper file. By default, this can be found at /home/runner/work/flutter-starter/flutter-starter/android/gradle/wrapper/gradle-wrapper.properties. 
For more information, see https://docs.gradle.org/current/userguide/gradle_wrapper.html.

Warning: Flutter support for your project's Android Gradle Plugin version (Android Gradle Plugin version 8.11.1) will soon be dropped. Please upgrade your Android Gradle Plugin version to a version of at least Android Gradle Plugin version 9.0.1 soon.
Alternatively, use the flag "--android-skip-build-dependency-validation" to bypass this check.

Potential fix: Your project's AGP version is typically defined in the plugins block of the `settings.gradle` file (/home/runner/work/flutter-starter/flutter-starter/android/settings.gradle), by a plugin with the id of com.android.application. 
If you don't see a plugins block, your project was likely created with an older template version. In this case it is most likely defined in the top-level build.gradle file (/home/runner/work/flutter-starter/flutter-starter/android/build.gradle) by the following line in the dependencies block of the buildscript: "classpath 'com.android.tools.build:gradle:<version>'".

Warning: Flutter support for your project's Kotlin version (2.2.20) will soon be dropped. Please upgrade your Kotlin version to a version of at least 2.3.20 soon.
Alternatively, use the flag "--android-skip-build-dependency-validation" to bypass this check.

Potential fix: Your project's KGP version is typically defined in the plugins block of the `settings.gradle` file (/home/runner/work/flutter-starter/flutter-starter/android/settings.gradle), by a plugin with the id of org.jetbrains.kotlin.android. 
If you don't see a plugins block, your project was likely created with an older template version, in which case it is most likely defined in the top-level build.gradle file (/home/runner/work/flutter-starter/flutter-starter/android/build.gradle) by the ext.kotlin_version property.

Font asset "MaterialIcons-Regular.otf" was tree-shaken, reducing it from 1645184 to 1800 bytes (99.9% reduction). Tree-shaking can be disabled by providing the --no-tree-shake-icons flag when building your app.
Font asset "CupertinoIcons.ttf" was tree-shaken, reducing it from 257628 to 848 bytes (99.7% reduction). Tree-shaking can be disabled by providing the --no-tree-shake-icons flag when building your app.
Caught exception: Already watching path: /home/runner/work/flutter-starter/flutter-starter/android
Running Gradle task 'assembleRelease'...                          338.9s
✓ Built build/app/outputs/flutter-apk/app-release.apk (71.1MB)
[0;32m✓ Android APK built[0m

[1;33m⚠ Skipping iOS build (not on macOS)[0m

[1;33mBuilding Web...[0m
Compiling lib/main.dart for the Web...                          
Wasm dry run succeeded. Consider building and testing your application with the `--wasm` flag. See docs for more info: https://docs.flutter.dev/platform-integration/web/wasm
Use --no-wasm-dry-run to disable these warnings.
Font asset "CupertinoIcons.ttf" was tree-shaken, reducing it from 257628 to 1472 bytes (99.4% reduction). Tree-shaking can be disabled by providing the --no-tree-shake-icons flag when building your app.
Font asset "MaterialIcons-Regular.otf" was tree-shaken, reducing it from 1645184 to 8244 bytes (99.5% reduction). Tree-shaking can be disabled by providing the --no-tree-shake-icons flag when building your app.
Compiling lib/main.dart for the Web...                             51.1s
✓ Built build/web
[0;32m✓ Web build completed[0m

[0;32mAll builds completed![0m

Build artifacts:
  Android: build/app/outputs/
  iOS: build/ios/ipa/
  Web: build/web/
