Criterion 3: the chosen semantics documented on the public entry points.
Source: lib/core/accessibility/accessibility_helpers.dart at fdf2832.


  /// Composite [foreground] over an opaque [background]
  ///
  /// Source-over alpha blending in the gamma-encoded sRGB space, which is what
  /// the framework paints and therefore what the user actually sees:
  /// `out = fg * fg.a + bg * (1 - fg.a)`. Linearising before blending would
  /// produce a colour the renderer never draws.
  ///
  /// Returns the composited channels as `(red, green, blue)` in 0..1. When
  /// `foreground.a` is 1 this is the identity, so opaque colours are scored
  /// exactly as they were before alpha was honoured.
  static (double, double, double) _compositeOver(
    Color foreground,
    Color background,
  ) {
    final alpha = foreground.a.clamp(0.0, 1.0);
    if (alpha == 1.0) {
      return (foreground.r, foreground.g, foreground.b);
    }

    return (
      foreground.r * alpha + background.r * (1 - alpha),
      foreground.g * alpha + background.g * (1 - alpha),
      foreground.b * alpha + background.b * (1 - alpha),
    );
  }

  /// Calculate contrast ratio between two colors
  ///
  /// Returns a value between 1 (no contrast) and 21 (maximum contrast).
  /// WCAG 2.1 requires:
  /// - Normal text: 4.5:1 (AA) or 7:1 (AAA)
  /// - Large text: 3:1 (AA) or 4.5:1 (AAA)
  ///
  /// ## Alpha semantics
  ///
  /// The WCAG relative-luminance formula is defined for opaque colours only.
  /// This method therefore takes the two halves of the problem differently:
  ///
  /// - **A translucent [foreground] is composited over [background]** before
  ///   being measured, so the ratio describes the pixel the user sees rather
  ///   than the pixel the token declares. `Colors.white70` on `#121212` scores
  ///   9.48:1, not the 18.73:1 opaque white would score.
  /// - **A translucent [background] is rejected** with an [ArgumentError].
  ///   There is no way to composite it: whatever sits behind it was never
  ///   supplied, and inventing a backdrop would return a number that is wrong
  ///   in a way the caller cannot see. Failing loudly is the only honest
  ///   option. Pass the opaque colour that is actually painted underneath -
  ///   usually the scaffold or surface colour.
  ///
  /// Compositing was chosen over rejecting both sides because the useful
  /// question is "what does the reader perceive", and a translucent foreground
  /// on a known backdrop answers it exactly. For callers this means a
  /// translucent foreground now returns a lower, truthful ratio where it
  /// previously returned the opaque one, and a translucent background - which
  /// no caller in this repository passes - now throws instead of silently
  /// lying.
  ///
  /// Throws an [ArgumentError] if `background.a` is not 1.
  static double getContrastRatio(Color foreground, Color background) {
    if (background.a != 1.0) {
      throw ArgumentError.value(
        background,
        'background',
        'must be opaque: a contrast ratio against a translucent background is '
            'undefined, because the colour painted behind it is unknown. Pass '
            'the opaque colour that is actually painted underneath.',
      );
    }

    final (r, g, b) = _compositeOver(foreground, background);

    final luminance1 = _relativeLuminance(r, g, b);
    final luminance2 = _relativeLuminance(
      background.r,
      background.g,
      background.b,
    );

    final lighter = math.max(luminance1, luminance2);
    final darker = math.min(luminance1, luminance2);

    return (lighter + 0.05) / (darker + 0.05);
  }

  /// Check if contrast ratio meets WCAG AA standards for normal text
  ///
  /// A translucent [foreground] is composited over [background] first, and a
  /// translucent [background] throws - see [getContrastRatio] for why.
  static bool meetsContrastRatioAA(Color foreground, Color background) {
    return getContrastRatio(foreground, background) >=
        AccessibilityConstants.minContrastRatioNormal;
  }

  /// Check if contrast ratio meets WCAG AA standards for large text
  ///
  /// A translucent [foreground] is composited over [background] first, and a
  /// translucent [background] throws - see [getContrastRatio] for why.
  static bool meetsContrastRatioAALarge(Color foreground, Color background) {
    return getContrastRatio(foreground, background) >=
        AccessibilityConstants.minContrastRatioLarge;
  }

  /// Check if contrast ratio meets WCAG AAA standards for normal text
  ///

=== docs updated alongside the dartdoc ===
[docs/guides/accessibility/guide.md]
   - Verify all text meets WCAG AA standards

2. **Tools:**
   - Use `AccessibilityHelpers.getContrastRatio()` to check ratios
   - Use `AccessibilityHelpers.meetsContrastRatioAA()` to verify compliance
   - Both composite a translucent foreground over the background before
     measuring, and throw on a translucent background - pass the opaque colour
     that is actually painted underneath


[docs/guides/accessibility/quick-reference.md]

```dart
// Check contrast ratio
AccessibilityHelpers.getContrastRatio(foreground, background)

// Check if meets WCAG AA
AccessibilityHelpers.meetsContrastRatioAA(foreground, background)

// Get accessible text color
AccessibilityHelpers.getAccessibleTextColor(background)

// Alpha: a translucent `foreground` is composited over `background` before
// being measured, so the ratio is the one the user sees. A translucent
// `background` throws ArgumentError - pass the opaque colour painted below.

// Announce to screen readers

[docs/guides/accessibility/testing-procedures.md]
```dart
test('contrast ratio calculation', () {
  final ratio = AccessibilityHelpers.getContrastRatio(
    Colors.black,
    Colors.white,
  );
  expect(ratio, greaterThan(15.0));
});
```

The WCAG formula is defined for opaque colours. `getContrastRatio` composites a
translucent foreground over the supplied background first, so `Colors.white70`
on `#121212` scores 9.48:1 rather than opaque white's 18.73:1. A translucent
*background* throws `ArgumentError`: the colour behind it was never supplied,
so no ratio can be computed. Pass the opaque scaffold or surface colour.

### Widget Tests for Semantic Labels
